1	1   6   0.5
2	2   12  1.
3	3   18  1.5
4	4   24  2.0
5	5   30  3.7
6	6   36  4.9
7	7   42  5.4
8	8   48  6.8
9	9   54  7.5
10	10  60  9.7
